16:52:51 **** Incremental Build of configuration Debug for project Lab5_Traficlight ****
make -j8 all 
arm-none-eabi-gcc "../Src/main.c" -mcpu=cortex-m3 -std=gnu11 -g3 -DDEBUG -DSTM32 -DSTM32F1 -DSTM32F103C8Tx -c -I../Inc -O0 -ffunction-sections -fdata-sections -Wall -fstack-usage -fcyclomatic-complexity -MMD -MP -MF"Src/main.d" -MT"Src/main.o" --specs=nano.specs -mfloat-abi=soft -mthumb -o "Src/main.o"
In file included from ../Src/main.c:52:
../Inc/PLL.h:125: warning: "RCC_CFGR_HPRE_DIV1" redefined
  125 | #define  RCC_CFGR_HPRE_DIV1                  ((uint32_t)0x00000000)        /*!< SYSCLK not divided */
      | 
In file included from ../Src/main.c:52:
../Inc/PLL.h:46: note: this is the location of the previous definition
   46 | #define RCC_CFGR_HPRE_DIV1      0x0070  // HPRE[7:4] 0---
      | 
arm-none-eabi-gcc -o "Lab5_Traficlight.elf" @"objects.list"   -mcpu=cortex-m3 -T"D:\TAI_LIEU\ET-E9\Program\20231\Microprocessor\Lab_work\Lab5_Traficlight\STM32F103C8TX_FLASH.ld" --specs=nosys.specs -Wl,-Map="Lab5_Traficlight.map" -Wl,--gc-sections -static --specs=nano.specs -mfloat-abi=soft -mthumb -Wl,--start-group -lc -lm -Wl,--end-group
Finished building target: Lab5_Traficlight.elf
 
arm-none-eabi-size   Lab5_Traficlight.elf 
arm-none-eabi-objdump -h -S  Lab5_Traficlight.elf  > "Lab5_Traficlight.list"
   text	   data	    bss	    dec	    hex	filename
   1548	    112	   1568	   3228	    c9c	Lab5_Traficlight.elf
Finished building: default.size.stdout
 
Finished building: Lab5_Traficlight.list
 

16:52:53 Build Finished. 0 errors, 1 warnings. (took 1s.260ms)

